// Vitest Snapshot v1, https://vitest.dev/guide/snapshot.html

exports[`GaLink > should render correctly with default props 1`] = `"<a class="link"></a>"`;
