// Vitest Snapshot v1, https://vitest.dev/guide/snapshot.html

exports[`GaTextArea > should render correctly 1`] = `"<textarea rows="5" class="text"></textarea>"`;
