// Vitest Snapshot v1, https://vitest.dev/guide/snapshot.html

exports[`GaAvatar > should render correctly 1`] = `
"<div class="avatar medium">
  <!--v-if-->
</div>"
`;
