// Vitest Snapshot v1, https://vitest.dev/guide/snapshot.html

exports[`ButtonGroup > should render children in the default slot 1`] = `
"<fieldset class="group">
  <div class="test-button">Button</div>
</fieldset>"
`;

exports[`ButtonGroup > should render correctly with default props 1`] = `"<fieldset class="group"></fieldset>"`;
