// Vitest Snapshot v1, https://vitest.dev/guide/snapshot.html

exports[`BaseButton > should render correctly 1`] = `"<button class="base default">mock content</button>"`;
