// Vitest Snapshot v1, https://vitest.dev/guide/snapshot.html

exports[`GaInput > should render correctly 1`] = `"<div class="input"><input type="text"></div>"`;
