// Vitest Snapshot v1, https://vitest.dev/guide/snapshot.html

exports[`Tooltip > should render correctly 1`] = `"<tooltip>mock content</tooltip>"`;
